99.08.09 14:56 B c:\pi\images\arctan.gif <-- PI Personal Web Pages /pi/images arctan.gif
99.08.09 14:56 B c:\pi\images\arctanx.gif <-- PI Personal Web Pages /pi/images arctanx.gif
99.08.09 14:57 B c:\pi\images\bismarck.GIF <-- PI Personal Web Pages /pi/images bismarck.GIF
99.08.09 14:57 B c:\pi\images\brent.GIF <-- PI Personal Web Pages /pi/images brent.GIF
99.08.09 14:57 B c:\pi\images\circumscribed.gif <-- PI Personal Web Pages /pi/images circumscribed.gif
99.08.09 14:57 B c:\pi\images\evan.GIF <-- PI Personal Web Pages /pi/images evan.GIF
99.08.09 14:58 B c:\pi\images\fargo.GIF <-- PI Personal Web Pages /pi/images fargo.GIF
99.08.09 14:58 B c:\pi\images\gregseries.gif <-- PI Personal Web Pages /pi/images gregseries.gif
99.08.09 14:58 B c:\pi\images\jake.GIF <-- PI Personal Web Pages /pi/images jake.GIF
99.08.09 14:59 B c:\pi\images\jake1.GIF <-- PI Personal Web Pages /pi/images jake1.GIF
99.08.09 14:59 B c:\pi\images\jakeleno.GIF <-- PI Personal Web Pages /pi/images jakeleno.GIF
99.08.09 15:00 B c:\pi\images\minot.GIF <-- PI Personal Web Pages /pi/images minot.GIF
99.08.09 15:00 B c:\pi\images\newzeland.gif <-- PI Personal Web Pages /pi/images newzeland.gif
99.08.09 15:00 B c:\pi\images\p1Alg1.gif <-- PI Personal Web Pages /pi/images p1Alg1.gif
99.08.09 15:00 B c:\pi\images\pi2.gif <-- PI Personal Web Pages /pi/images pi2.gif
99.08.09 15:00 B c:\pi\images\pi_round1.gif <-- PI Personal Web Pages /pi/images pi_round1.gif
99.08.09 15:00 B c:\pi\images\piArc.gif <-- PI Personal Web Pages /pi/images piArc.gif
99.08.09 15:00 B c:\pi\images\picake.GIF <-- PI Personal Web Pages /pi/images picake.GIF
99.08.09 15:01 B c:\pi\images\picakes.GIF <-- PI Personal Web Pages /pi/images picakes.GIF
99.08.09 15:01 B c:\pi\images\PiLarge.gif <-- PI Personal Web Pages /pi/images PiLarge.gif
99.08.09 15:01 B c:\pi\images\pimachin.gif <-- PI Personal Web Pages /pi/images pimachin.gif
99.08.09 15:01 B c:\pi\images\piSmall.gif <-- PI Personal Web Pages /pi/images piSmall.gif
99.08.09 15:01 B c:\pi\images\sud.GIF <-- PI Personal Web Pages /pi/images sud.GIF
99.08.09 15:01 B c:\pi\images\taiwan.GIF <-- PI Personal Web Pages /pi/images taiwan.GIF
99.08.09 15:01 B c:\pi\images\taiwanmap.jpg <-- PI Personal Web Pages /pi/images taiwanmap.jpg
99.08.09 15:01 B c:\pi\images\texas.GIF <-- PI Personal Web Pages /pi/images texas.GIF
